// Jest Snapshot v1, https://goo.gl/fbAQLP

exports[`components Header should render correctly 1`] = `
<header
  className="sc-eDvSVe iUNhIs"
>
  <h1>
    iTunes Search
  </h1>
</header>
`;

exports[`components ProductComponent should render correctly 1`] = `
<h5
  className="MuiTypography-root MuiTypography-h5 MuiTypography-alignCenter"
>
  No results for this search
</h5>
`;

exports[`components ProductListing should render correctly 1`] = `
<main
  className="sc-gswNZR sepQv"
>
  <div
    className="sc-dkrFOg giFhjA"
  >
    <h2>
      Search
    </h2>
    <form
      className="sc-hLBbgP bfUVLx"
      onSubmit={[Function]}
    >
      <div
        className="MuiFormControl-root MuiTextField-root"
      >
        <div
          className="MuiInputBase-root MuiFilledInput-root MuiFilledInput-underline MuiInputBase-formControl"
          onClick={[Function]}
        >
          <input
            aria-invalid={false}
            autoFocus={false}
            className="MuiInputBase-input MuiFilledInput-input"
            disabled={false}
            onAnimationStart={[Function]}
            onBlur={[Function]}
            onChange={[Function]}
            onFocus={[Function]}
            placeholder="enter search term"
            required={false}
            type="text"
            value=""
          />
        </div>
      </div>
      <button
        className="MuiButtonBase-root MuiButton-root MuiButton-contained MuiButton-containedSecondary"
        disabled={false}
        onBlur={[Function]}
        onDragLeave={[Function]}
        onFocus={[Function]}
        onKeyDown={[Function]}
        onKeyUp={[Function]}
        onMouseDown={[Function]}
        onMouseLeave={[Function]}
        onMouseUp={[Function]}
        onTouchEnd={[Function]}
        onTouchMove={[Function]}
        onTouchStart={[Function]}
        tabIndex={0}
        type="submit"
      >
        <span
          className="MuiButton-label"
        >
          Search
        </span>
      </button>
      <button
        className="MuiButtonBase-root MuiButton-root MuiButton-contained"
        disabled={false}
        onBlur={[Function]}
        onClick={[Function]}
        onDragLeave={[Function]}
        onFocus={[Function]}
        onKeyDown={[Function]}
        onKeyUp={[Function]}
        onMouseDown={[Function]}
        onMouseLeave={[Function]}
        onMouseUp={[Function]}
        onTouchEnd={[Function]}
        onTouchMove={[Function]}
        onTouchStart={[Function]}
        tabIndex={0}
        type="button"
      >
        <span
          className="MuiButton-label"
        >
          Clear
        </span>
      </button>
    </form>
  </div>
</main>
`;
